{"level":"ERROR","location":"[get_call:170] fyersModel","message":{"API":"/profile","Error":{"s":"error","code":-17,"message":"Could not authenticate the user"}},"timestamp":"2026-08-18 13:42:48,279+0530","service":"FyersAPI"}
{"level":"ERROR","location":"[get_call:170] fyersModel","message":{"API":"/history","Error":{"code":-16,"message":"Could not authenticate the user","s":"error"}},"timestamp":"2026-08-18 13:42:48,436+0530","service":"FyersAPI"}
{"level":"ERROR","location":"[get_call:170] fyersModel","message":{"API":"/history","Error":{"code":-16,"message":"Could not authenticate the user","s":"error"}},"timestamp":"2026-08-18 13:42:48,497+0530","service":"FyersAPI"}
{"level":"ERROR","location":"[get_call:170] fyersModel","message":{"API":"/history","Error":{"code":-16,"message":"Could not authenticate the user","s":"error"}},"timestamp":"2026-08-18 13:42:48,552+0530","service":"FyersAPI"}
{"level":"ERROR","location":"[get_call:170] fyersModel","message":{"API":"/history","Error":{"code":429,"message":"request limit reached","s":"error"}},"timestamp":"2026-08-18 13:45:07,704+0530","service":"FyersAPI"}
{"level":"ERROR","location":"[get_call:170] fyersModel","message":{"API":"/history","Error":{"code":429,"message":"request limit reached","s":"error"}},"timestamp":"2026-08-18 13:45:07,783+0530","service":"FyersAPI"}
{"level":"ERROR","location":"[get_call:170] fyersModel","message":{"API":"/history","Error":{"code":-300,"message":"Invalid symbol provided","s":"error"}},"timestamp":"2026-08-18 13:45:08,839+0530","service":"FyersAPI"}
{"level":"ERROR","location":"[get_call:170] fyersModel","message":{"API":"/history","Error":{"code":-300,"message":"Invalid symbol provided","s":"error"}},"timestamp":"2026-08-18 13:45:40,894+0530","service":"FyersAPI"}
{"level":"ERROR","location":"[get_call:170] fyersModel","message":{"API":"/history","Error":{"code":429,"message":"request limit reached","s":"error"}},"timestamp":"2026-08-18 13:46:23,497+0530","service":"FyersAPI"}
{"level":"ERROR","location":"[get_call:170] fyersModel","message":{"API":"/history","Error":{"code":429,"message":"request limit reached","s":"error"}},"timestamp":"2026-08-18 13:46:23,553+0530","service":"FyersAPI"}
{"level":"ERROR","location":"[get_call:170] fyersModel","message":{"API":"/history","Error":{"code":429,"message":"request limit reached","s":"error"}},"timestamp":"2026-08-18 13:46:23,603+0530","service":"FyersAPI"}
{"level":"ERROR","location":"[get_call:170] fyersModel","message":{"API":"/history","Error":{"code":429,"message":"request limit reached","s":"error"}},"timestamp":"2026-08-18 13:46:23,674+0530","service":"FyersAPI"}
{"level":"ERROR","location":"[get_call:170] fyersModel","message":{"API":"/history","Error":{"code":-300,"message":"Invalid symbol provided","s":"error"}},"timestamp":"2026-08-18 13:46:24,191+0530","service":"FyersAPI"}
{"level":"ERROR","location":"[get_call:170] fyersModel","message":{"API":"/history","Error":{"code":-300,"message":"Invalid symbol provided","s":"error"}},"timestamp":"2026-08-18 13:46:24,263+0530","service":"FyersAPI"}
{"level":"ERROR","location":"[get_call:170] fyersModel","message":{"API":"/history","Error":{"code":429,"message":"request limit reached","s":"error"}},"timestamp":"2026-08-18 13:48:25,985+0530","service":"FyersAPI"}
{"level":"ERROR","location":"[get_call:170] fyersModel","message":{"API":"/history","Error":{"code":429,"message":"request limit reached","s":"error"}},"timestamp":"2026-08-18 13:48:26,041+0530","service":"FyersAPI"}
{"level":"ERROR","location":"[get_call:170] fyersModel","message":{"API":"/history","Error":{"code":429,"message":"request limit reached","s":"error"}},"timestamp":"2026-08-18 13:48:26,153+0530","service":"FyersAPI"}
{"level":"ERROR","location":"[get_call:170] fyersModel","message":{"API":"/history","Error":{"code":429,"message":"request limit reached","s":"error"}},"timestamp":"2026-08-18 13:48:26,221+0530","service":"FyersAPI"}
{"level":"ERROR","location":"[get_call:170] fyersModel","message":{"API":"/history","Error":{"code":429,"message":"request limit reached","s":"error"}},"timestamp":"2026-08-18 13:48:29,515+0530","service":"FyersAPI"}
{"level":"ERROR","location":"[get_call:170] fyersModel","message":{"API":"/history","Error":{"code":429,"message":"request limit reached","s":"error"}},"timestamp":"2026-08-18 13:48:29,583+0530","service":"FyersAPI"}
{"level":"ERROR","location":"[get_call:170] fyersModel","message":{"API":"/history","Error":{"code":429,"message":"request limit reached","s":"error"}},"timestamp":"2026-08-18 13:48:30,605+0530","service":"FyersAPI"}
{"level":"ERROR","location":"[get_call:170] fyersModel","message":{"API":"/history","Error":{"code":429,"message":"request limit reached","s":"error"}},"timestamp":"2026-08-18 13:48:31,646+0530","service":"FyersAPI"}
{"level":"ERROR","location":"[get_call:170] fyersModel","message":{"API":"/history","Error":{"code":429,"message":"request limit reached","s":"error"}},"timestamp":"2026-08-18 13:48:32,563+0530","service":"FyersAPI"}
{"level":"ERROR","location":"[get_call:170] fyersModel","message":{"API":"/history","Error":{"code":429,"message":"request limit reached","s":"error"}},"timestamp":"2026-08-18 13:48:32,653+0530","service":"FyersAPI"}
{"level":"ERROR","location":"[get_call:170] fyersModel","message":{"API":"/history","Error":{"code":429,"message":"request limit reached","s":"error"}},"timestamp":"2026-08-18 13:48:33,627+0530","service":"FyersAPI"}
{"level":"ERROR","location":"[get_call:170] fyersModel","message":{"API":"/history","Error":{"code":429,"message":"request limit reached","s":"error"}},"timestamp":"2026-08-18 13:48:33,710+0530","service":"FyersAPI"}
{"level":"ERROR","location":"[get_call:170] fyersModel","message":{"API":"/history","Error":{"code":429,"message":"request limit reached","s":"error"}},"timestamp":"2026-08-18 13:48:34,720+0530","service":"FyersAPI"}
{"level":"ERROR","location":"[get_call:170] fyersModel","message":{"API":"/history","Error":{"code":429,"message":"request limit reached","s":"error"}},"timestamp":"2026-08-18 14:02:43,591+0530","service":"FyersAPI"}
{"level":"ERROR","location":"[get_call:170] fyersModel","message":{"API":"/history","Error":{"code":429,"message":"request limit reached","s":"error"}},"timestamp":"2026-08-18 14:02:43,644+0530","service":"FyersAPI"}
{"level":"ERROR","location":"[get_call:170] fyersModel","message":{"API":"/history","Error":{"code":429,"message":"request limit reached","s":"error"}},"timestamp":"2026-08-18 14:02:43,701+0530","service":"FyersAPI"}
{"level":"ERROR","location":"[get_call:170] fyersModel","message":{"API":"/history","Error":{"code":429,"message":"request limit reached","s":"error"}},"timestamp":"2026-08-18 14:02:43,750+0530","service":"FyersAPI"}
{"level":"ERROR","location":"[get_call:170] fyersModel","message":{"API":"/history","Error":{"code":429,"message":"request limit reached","s":"error"}},"timestamp":"2026-08-18 14:02:43,813+0530","service":"FyersAPI"}
{"level":"ERROR","location":"[get_call:170] fyersModel","message":{"API":"/history","Error":{"code":429,"message":"request limit reached","s":"error"}},"timestamp":"2026-08-18 14:02:43,875+0530","service":"FyersAPI"}
{"level":"ERROR","location":"[get_call:170] fyersModel","message":{"API":"/history","Error":{"code":429,"message":"request limit reached","s":"error"}},"timestamp":"2026-08-18 14:02:44,668+0530","service":"FyersAPI"}
{"level":"ERROR","location":"[get_call:170] fyersModel","message":{"API":"/history","Error":{"code":429,"message":"request limit reached","s":"error"}},"timestamp":"2026-08-18 14:02:44,725+0530","service":"FyersAPI"}
{"level":"ERROR","location":"[get_call:170] fyersModel","message":{"API":"/history","Error":{"code":429,"message":"request limit reached","s":"error"}},"timestamp":"2026-08-18 14:02:44,784+0530","service":"FyersAPI"}
{"level":"ERROR","location":"[get_call:170] fyersModel","message":{"API":"/history","Error":{"code":429,"message":"request limit reached","s":"error"}},"timestamp":"2026-08-18 14:02:44,836+0530","service":"FyersAPI"}
{"level":"ERROR","location":"[get_call:170] fyersModel","message":{"API":"/history","Error":{"code":429,"message":"request limit reached","s":"error"}},"timestamp":"2026-08-18 14:02:44,896+0530","service":"FyersAPI"}
{"level":"ERROR","location":"[get_call:170] fyersModel","message":{"API":"/history","Error":{"code":429,"message":"request limit reached","s":"error"}},"timestamp":"2026-08-18 14:02:45,632+0530","service":"FyersAPI"}
{"level":"ERROR","location":"[get_call:170] fyersModel","message":{"API":"/history","Error":{"code":429,"message":"request limit reached","s":"error"}},"timestamp":"2026-08-18 14:02:45,693+0530","service":"FyersAPI"}
{"level":"ERROR","location":"[get_call:170] fyersModel","message":{"API":"/history","Error":{"code":429,"message":"request limit reached","s":"error"}},"timestamp":"2026-08-18 14:02:45,761+0530","service":"FyersAPI"}
{"level":"ERROR","location":"[get_call:170] fyersModel","message":{"API":"/history","Error":{"code":429,"message":"request limit reached","s":"error"}},"timestamp":"2026-08-18 14:02:45,813+0530","service":"FyersAPI"}
{"level":"ERROR","location":"[get_call:170] fyersModel","message":{"API":"/history","Error":{"code":429,"message":"request limit reached","s":"error"}},"timestamp":"2026-08-18 14:02:45,884+0530","service":"FyersAPI"}
{"level":"ERROR","location":"[get_call:170] fyersModel","message":{"API":"/history","Error":{"code":429,"message":"request limit reached","s":"error"}},"timestamp":"2026-08-18 14:02:45,947+0530","service":"FyersAPI"}
{"level":"ERROR","location":"[get_call:170] fyersModel","message":{"API":"/history","Error":{"code":429,"message":"request limit reached","s":"error"}},"timestamp":"2026-08-18 14:02:46,713+0530","service":"FyersAPI"}
{"level":"ERROR","location":"[get_call:170] fyersModel","message":{"API":"/history","Error":{"code":429,"message":"request limit reached","s":"error"}},"timestamp":"2026-08-18 14:02:46,766+0530","service":"FyersAPI"}
{"level":"ERROR","location":"[get_call:170] fyersModel","message":{"API":"/history","Error":{"code":429,"message":"request limit reached","s":"error"}},"timestamp":"2026-08-18 14:02:46,823+0530","service":"FyersAPI"}
{"level":"ERROR","location":"[get_call:170] fyersModel","message":{"API":"/history","Error":{"code":429,"message":"request limit reached","s":"error"}},"timestamp":"2026-08-18 14:02:46,876+0530","service":"FyersAPI"}
{"level":"ERROR","location":"[get_call:170] fyersModel","message":{"API":"/history","Error":{"code":429,"message":"request limit reached","s":"error"}},"timestamp":"2026-08-18 14:02:46,936+0530","service":"FyersAPI"}
{"level":"ERROR","location":"[get_call:170] fyersModel","message":{"API":"/history","Error":{"code":429,"message":"request limit reached","s":"error"}},"timestamp":"2026-08-18 14:02:46,991+0530","service":"FyersAPI"}
{"level":"ERROR","location":"[get_call:170] fyersModel","message":{"API":"/history","Error":{"code":429,"message":"request limit reached","s":"error"}},"timestamp":"2026-08-18 14:02:47,750+0530","service":"FyersAPI"}
{"level":"ERROR","location":"[get_call:170] fyersModel","message":{"API":"/history","Error":{"code":429,"message":"request limit reached","s":"error"}},"timestamp":"2026-08-18 14:02:47,808+0530","service":"FyersAPI"}
{"level":"ERROR","location":"[get_call:170] fyersModel","message":{"API":"/history","Error":{"code":429,"message":"request limit reached","s":"error"}},"timestamp":"2026-08-18 14:02:47,858+0530","service":"FyersAPI"}
{"level":"ERROR","location":"[get_call:170] fyersModel","message":{"API":"/history","Error":{"code":429,"message":"request limit reached","s":"error"}},"timestamp":"2026-08-18 14:02:47,905+0530","service":"FyersAPI"}
{"level":"ERROR","location":"[get_call:170] fyersModel","message":{"API":"/history","Error":{"code":429,"message":"request limit reached","s":"error"}},"timestamp":"2026-08-18 14:02:47,967+0530","service":"FyersAPI"}
{"level":"ERROR","location":"[get_call:170] fyersModel","message":{"API":"/history","Error":{"code":429,"message":"request limit reached","s":"error"}},"timestamp":"2026-08-18 14:02:48,025+0530","service":"FyersAPI"}
{"level":"ERROR","location":"[get_call:170] fyersModel","message":{"API":"/history","Error":{"code":429,"message":"request limit reached","s":"error"}},"timestamp":"2026-08-18 14:02:48,774+0530","service":"FyersAPI"}
{"level":"ERROR","location":"[get_call:170] fyersModel","message":{"API":"/history","Error":{"code":429,"message":"request limit reached","s":"error"}},"timestamp":"2026-08-18 14:02:48,830+0530","service":"FyersAPI"}
{"level":"ERROR","location":"[get_call:170] fyersModel","message":{"API":"/history","Error":{"code":429,"message":"request limit reached","s":"error"}},"timestamp":"2026-08-18 14:02:48,878+0530","service":"FyersAPI"}
{"level":"ERROR","location":"[get_call:170] fyersModel","message":{"API":"/history","Error":{"code":429,"message":"request limit reached","s":"error"}},"timestamp":"2026-08-18 14:02:48,931+0530","service":"FyersAPI"}
{"level":"ERROR","location":"[get_call:170] fyersModel","message":{"API":"/history","Error":{"code":429,"message":"request limit reached","s":"error"}},"timestamp":"2026-08-18 14:02:48,988+0530","service":"FyersAPI"}
{"level":"ERROR","location":"[get_call:170] fyersModel","message":{"API":"/history","Error":{"code":429,"message":"request limit reached","s":"error"}},"timestamp":"2026-08-18 14:02:49,056+0530","service":"FyersAPI"}
{"level":"ERROR","location":"[get_call:170] fyersModel","message":{"API":"/history","Error":{"code":429,"message":"request limit reached","s":"error"}},"timestamp":"2026-08-18 14:02:49,828+0530","service":"FyersAPI"}
{"level":"ERROR","location":"[get_call:170] fyersModel","message":{"API":"/history","Error":{"code":429,"message":"request limit reached","s":"error"}},"timestamp":"2026-08-18 14:02:49,879+0530","service":"FyersAPI"}
{"level":"ERROR","location":"[get_call:170] fyersModel","message":{"API":"/history","Error":{"code":429,"message":"request limit reached","s":"error"}},"timestamp":"2026-08-18 14:02:49,930+0530","service":"FyersAPI"}
{"level":"ERROR","location":"[get_call:170] fyersModel","message":{"API":"/history","Error":{"code":429,"message":"request limit reached","s":"error"}},"timestamp":"2026-08-18 14:02:49,986+0530","service":"FyersAPI"}
{"level":"ERROR","location":"[get_call:170] fyersModel","message":{"API":"/history","Error":{"code":429,"message":"request limit reached","s":"error"}},"timestamp":"2026-08-18 14:02:50,051+0530","service":"FyersAPI"}
{"level":"ERROR","location":"[get_call:170] fyersModel","message":{"API":"/history","Error":{"code":429,"message":"request limit reached","s":"error"}},"timestamp":"2026-08-18 14:02:50,109+0530","service":"FyersAPI"}
{"level":"ERROR","location":"[get_call:170] fyersModel","message":{"API":"/history","Error":{"code":429,"message":"request limit reached","s":"error"}},"timestamp":"2026-08-18 14:02:50,915+0530","service":"FyersAPI"}
{"level":"ERROR","location":"[get_call:170] fyersModel","message":{"API":"/history","Error":{"code":429,"message":"request limit reached","s":"error"}},"timestamp":"2026-08-18 14:02:50,973+0530","service":"FyersAPI"}
{"level":"ERROR","location":"[get_call:170] fyersModel","message":{"API":"/history","Error":{"code":429,"message":"request limit reached","s":"error"}},"timestamp":"2026-08-18 14:02:51,038+0530","service":"FyersAPI"}
{"level":"ERROR","location":"[get_call:170] fyersModel","message":{"API":"/history","Error":{"code":429,"message":"request limit reached","s":"error"}},"timestamp":"2026-08-18 14:02:51,088+0530","service":"FyersAPI"}
{"level":"ERROR","location":"[get_call:170] fyersModel","message":{"API":"/history","Error":{"code":429,"message":"request limit reached","s":"error"}},"timestamp":"2026-08-18 14:02:51,146+0530","service":"FyersAPI"}
{"level":"ERROR","location":"[get_call:170] fyersModel","message":{"API":"/history","Error":{"code":429,"message":"request limit reached","s":"error"}},"timestamp":"2026-08-18 14:02:51,866+0530","service":"FyersAPI"}
{"level":"ERROR","location":"[get_call:170] fyersModel","message":{"API":"/history","Error":{"code":429,"message":"request limit reached","s":"error"}},"timestamp":"2026-08-18 14:02:51,922+0530","service":"FyersAPI"}
{"level":"ERROR","location":"[get_call:170] fyersModel","message":{"API":"/history","Error":{"code":429,"message":"request limit reached","s":"error"}},"timestamp":"2026-08-18 14:02:51,977+0530","service":"FyersAPI"}
{"level":"ERROR","location":"[get_call:170] fyersModel","message":{"API":"/history","Error":{"code":429,"message":"request limit reached","s":"error"}},"timestamp":"2026-08-18 14:02:52,038+0530","service":"FyersAPI"}
{"level":"ERROR","location":"[get_call:188] fyersModel","message":{"API":"/history","error":"Expecting value: line 1 column 1 (char 0)"},"timestamp":"2026-08-18 14:02:52,068+0530","service":"FyersAPI"}
{"level":"ERROR","location":"[get_call:188] fyersModel","message":{"API":"/history","error":"Expecting value: line 1 column 1 (char 0)"},"timestamp":"2026-08-18 14:02:52,097+0530","service":"FyersAPI"}
{"level":"ERROR","location":"[get_call:188] fyersModel","message":{"API":"/history","error":"Expecting value: line 1 column 1 (char 0)"},"timestamp":"2026-08-18 14:02:52,125+0530","service":"FyersAPI"}
{"level":"ERROR","location":"[get_call:188] fyersModel","message":{"API":"/history","error":"Expecting value: line 1 column 1 (char 0)"},"timestamp":"2026-08-18 14:02:52,156+0530","service":"FyersAPI"}
{"level":"ERROR","location":"[get_call:188] fyersModel","message":{"API":"/history","error":"Expecting value: line 1 column 1 (char 0)"},"timestamp":"2026-08-18 14:02:52,186+0530","service":"FyersAPI"}
{"level":"ERROR","location":"[get_call:188] fyersModel","message":{"API":"/history","error":"Expecting value: line 1 column 1 (char 0)"},"timestamp":"2026-08-18 14:02:52,212+0530","service":"FyersAPI"}
{"level":"ERROR","location":"[get_call:188] fyersModel","message":{"API":"/history","error":"Expecting value: line 1 column 1 (char 0)"},"timestamp":"2026-08-18 14:02:52,238+0530","service":"FyersAPI"}
{"level":"ERROR","location":"[get_call:188] fyersModel","message":{"API":"/history","error":"Expecting value: line 1 column 1 (char 0)"},"timestamp":"2026-08-18 14:02:52,265+0530","service":"FyersAPI"}
{"level":"ERROR","location":"[get_call:188] fyersModel","message":{"API":"/history","error":"Expecting value: line 1 column 1 (char 0)"},"timestamp":"2026-08-18 14:02:52,292+0530","service":"FyersAPI"}
{"level":"ERROR","location":"[get_call:188] fyersModel","message":{"API":"/history","error":"Expecting value: line 1 column 1 (char 0)"},"timestamp":"2026-08-18 14:02:52,316+0530","service":"FyersAPI"}
{"level":"ERROR","location":"[get_call:188] fyersModel","message":{"API":"/history","error":"Expecting value: line 1 column 1 (char 0)"},"timestamp":"2026-08-18 14:02:52,345+0530","service":"FyersAPI"}
{"level":"ERROR","location":"[get_call:188] fyersModel","message":{"API":"/history","error":"Expecting value: line 1 column 1 (char 0)"},"timestamp":"2026-08-18 14:02:52,372+0530","service":"FyersAPI"}
{"level":"ERROR","location":"[get_call:188] fyersModel","message":{"API":"/history","error":"Expecting value: line 1 column 1 (char 0)"},"timestamp":"2026-08-18 14:02:52,403+0530","service":"FyersAPI"}
{"level":"ERROR","location":"[get_call:188] fyersModel","message":{"API":"/history","error":"Expecting value: line 1 column 1 (char 0)"},"timestamp":"2026-08-18 14:02:52,435+0530","service":"FyersAPI"}
{"level":"ERROR","location":"[get_call:188] fyersModel","message":{"API":"/history","error":"Expecting value: line 1 column 1 (char 0)"},"timestamp":"2026-08-18 14:02:52,461+0530","service":"FyersAPI"}
{"level":"ERROR","location":"[get_call:188] fyersModel","message":{"API":"/history","error":"Expecting value: line 1 column 1 (char 0)"},"timestamp":"2026-08-18 14:02:52,493+0530","service":"FyersAPI"}
{"level":"ERROR","location":"[get_call:188] fyersModel","message":{"API":"/history","error":"Expecting value: line 1 column 1 (char 0)"},"timestamp":"2026-08-18 14:02:52,520+0530","service":"FyersAPI"}
{"level":"ERROR","location":"[get_call:188] fyersModel","message":{"API":"/history","error":"Expecting value: line 1 column 1 (char 0)"},"timestamp":"2026-08-18 14:02:52,545+0530","service":"FyersAPI"}
{"level":"ERROR","location":"[get_call:188] fyersModel","message":{"API":"/history","error":"Expecting value: line 1 column 1 (char 0)"},"timestamp":"2026-08-18 14:02:52,575+0530","service":"FyersAPI"}
{"level":"ERROR","location":"[get_call:188] fyersModel","message":{"API":"/history","error":"Expecting value: line 1 column 1 (char 0)"},"timestamp":"2026-08-18 14:02:52,601+0530","service":"FyersAPI"}
{"level":"ERROR","location":"[get_call:188] fyersModel","message":{"API":"/history","error":"Expecting value: line 1 column 1 (char 0)"},"timestamp":"2026-08-18 14:02:52,634+0530","service":"FyersAPI"}
{"level":"ERROR","location":"[get_call:188] fyersModel","message":{"API":"/history","error":"Expecting value: line 1 column 1 (char 0)"},"timestamp":"2026-08-18 14:02:52,671+0530","service":"FyersAPI"}
{"level":"ERROR","location":"[get_call:188] fyersModel","message":{"API":"/history","error":"Expecting value: line 1 column 1 (char 0)"},"timestamp":"2026-08-18 14:02:52,702+0530","service":"FyersAPI"}
{"level":"ERROR","location":"[get_call:188] fyersModel","message":{"API":"/history","error":"Expecting value: line 1 column 1 (char 0)"},"timestamp":"2026-08-18 14:02:52,728+0530","service":"FyersAPI"}
{"level":"ERROR","location":"[get_call:188] fyersModel","message":{"API":"/history","error":"Expecting value: line 1 column 1 (char 0)"},"timestamp":"2026-08-18 14:02:52,761+0530","service":"FyersAPI"}
{"level":"ERROR","location":"[get_call:188] fyersModel","message":{"API":"/history","error":"Expecting value: line 1 column 1 (char 0)"},"timestamp":"2026-08-18 14:02:52,793+0530","service":"FyersAPI"}
{"level":"ERROR","location":"[get_call:188] fyersModel","message":{"API":"/history","error":"Expecting value: line 1 column 1 (char 0)"},"timestamp":"2026-08-18 14:02:52,824+0530","service":"FyersAPI"}
{"level":"ERROR","location":"[get_call:188] fyersModel","message":{"API":"/history","error":"Expecting value: line 1 column 1 (char 0)"},"timestamp":"2026-08-18 14:02:52,846+0530","service":"FyersAPI"}
{"level":"ERROR","location":"[get_call:188] fyersModel","message":{"API":"/history","error":"Expecting value: line 1 column 1 (char 0)"},"timestamp":"2026-08-18 14:02:52,873+0530","service":"FyersAPI"}
{"level":"ERROR","location":"[get_call:188] fyersModel","message":{"API":"/history","error":"Expecting value: line 1 column 1 (char 0)"},"timestamp":"2026-08-18 14:02:52,905+0530","service":"FyersAPI"}
{"level":"ERROR","location":"[get_call:188] fyersModel","message":{"API":"/history","error":"Expecting value: line 1 column 1 (char 0)"},"timestamp":"2026-08-18 14:02:52,933+0530","service":"FyersAPI"}
{"level":"ERROR","location":"[get_call:188] fyersModel","message":{"API":"/history","error":"Expecting value: line 1 column 1 (char 0)"},"timestamp":"2026-08-18 14:02:52,962+0530","service":"FyersAPI"}
{"level":"ERROR","location":"[get_call:188] fyersModel","message":{"API":"/history","error":"Expecting value: line 1 column 1 (char 0)"},"timestamp":"2026-08-18 14:02:52,989+0530","service":"FyersAPI"}
{"level":"ERROR","location":"[get_call:188] fyersModel","message":{"API":"/history","error":"Expecting value: line 1 column 1 (char 0)"},"timestamp":"2026-08-18 14:02:53,016+0530","service":"FyersAPI"}
{"level":"ERROR","location":"[get_call:188] fyersModel","message":{"API":"/history","error":"Expecting value: line 1 column 1 (char 0)"},"timestamp":"2026-08-18 14:02:53,045+0530","service":"FyersAPI"}
{"level":"ERROR","location":"[get_call:188] fyersModel","message":{"API":"/history","error":"Expecting value: line 1 column 1 (char 0)"},"timestamp":"2026-08-18 14:02:53,071+0530","service":"FyersAPI"}
{"level":"ERROR","location":"[get_call:188] fyersModel","message":{"API":"/history","error":"Expecting value: line 1 column 1 (char 0)"},"timestamp":"2026-08-18 14:02:53,100+0530","service":"FyersAPI"}
{"level":"ERROR","location":"[get_call:188] fyersModel","message":{"API":"/history","error":"Expecting value: line 1 column 1 (char 0)"},"timestamp":"2026-08-18 14:02:53,133+0530","service":"FyersAPI"}
{"level":"ERROR","location":"[get_call:188] fyersModel","message":{"API":"/history","error":"Expecting value: line 1 column 1 (char 0)"},"timestamp":"2026-08-18 14:02:53,162+0530","service":"FyersAPI"}
{"level":"ERROR","location":"[get_call:188] fyersModel","message":{"API":"/history","error":"Expecting value: line 1 column 1 (char 0)"},"timestamp":"2026-08-18 14:02:53,188+0530","service":"FyersAPI"}
{"level":"ERROR","location":"[get_call:188] fyersModel","message":{"API":"/history","error":"Expecting value: line 1 column 1 (char 0)"},"timestamp":"2026-08-18 14:02:53,218+0530","service":"FyersAPI"}
{"level":"ERROR","location":"[get_call:188] fyersModel","message":{"API":"/history","error":"Expecting value: line 1 column 1 (char 0)"},"timestamp":"2026-08-18 14:02:53,244+0530","service":"FyersAPI"}
{"level":"ERROR","location":"[get_call:188] fyersModel","message":{"API":"/history","error":"Expecting value: line 1 column 1 (char 0)"},"timestamp":"2026-08-18 14:02:53,278+0530","service":"FyersAPI"}
{"level":"ERROR","location":"[get_call:188] fyersModel","message":{"API":"/history","error":"Expecting value: line 1 column 1 (char 0)"},"timestamp":"2026-08-18 14:02:53,313+0530","service":"FyersAPI"}
{"level":"ERROR","location":"[get_call:188] fyersModel","message":{"API":"/history","error":"Expecting value: line 1 column 1 (char 0)"},"timestamp":"2026-08-18 14:02:53,345+0530","service":"FyersAPI"}
{"level":"ERROR","location":"[get_call:188] fyersModel","message":{"API":"/history","error":"Expecting value: line 1 column 1 (char 0)"},"timestamp":"2026-08-18 14:02:53,373+0530","service":"FyersAPI"}
{"level":"ERROR","location":"[get_call:188] fyersModel","message":{"API":"/history","error":"Expecting value: line 1 column 1 (char 0)"},"timestamp":"2026-08-18 14:02:53,418+0530","service":"FyersAPI"}
{"level":"ERROR","location":"[get_call:188] fyersModel","message":{"API":"/history","error":"Expecting value: line 1 column 1 (char 0)"},"timestamp":"2026-08-18 14:02:53,456+0530","service":"FyersAPI"}
{"level":"ERROR","location":"[get_call:188] fyersModel","message":{"API":"/history","error":"Expecting value: line 1 column 1 (char 0)"},"timestamp":"2026-08-18 14:02:53,486+0530","service":"FyersAPI"}
{"level":"ERROR","location":"[get_call:188] fyersModel","message":{"API":"/history","error":"Expecting value: line 1 column 1 (char 0)"},"timestamp":"2026-08-18 14:02:53,532+0530","service":"FyersAPI"}
{"level":"ERROR","location":"[get_call:188] fyersModel","message":{"API":"/history","error":"Expecting value: line 1 column 1 (char 0)"},"timestamp":"2026-08-18 14:02:53,564+0530","service":"FyersAPI"}
{"level":"ERROR","location":"[get_call:188] fyersModel","message":{"API":"/history","error":"Expecting value: line 1 column 1 (char 0)"},"timestamp":"2026-08-18 14:02:53,590+0530","service":"FyersAPI"}
{"level":"ERROR","location":"[get_call:188] fyersModel","message":{"API":"/history","error":"Expecting value: line 1 column 1 (char 0)"},"timestamp":"2026-08-18 14:02:53,624+0530","service":"FyersAPI"}
{"level":"ERROR","location":"[get_call:188] fyersModel","message":{"API":"/history","error":"Expecting value: line 1 column 1 (char 0)"},"timestamp":"2026-08-18 14:02:53,652+0530","service":"FyersAPI"}
{"level":"ERROR","location":"[get_call:188] fyersModel","message":{"API":"/history","error":"Expecting value: line 1 column 1 (char 0)"},"timestamp":"2026-08-18 14:02:53,686+0530","service":"FyersAPI"}
{"level":"ERROR","location":"[get_call:188] fyersModel","message":{"API":"/history","error":"Expecting value: line 1 column 1 (char 0)"},"timestamp":"2026-08-18 14:02:53,716+0530","service":"FyersAPI"}
{"level":"ERROR","location":"[get_call:188] fyersModel","message":{"API":"/options-chain-v3","error":"Expecting value: line 1 column 1 (char 0)"},"timestamp":"2026-08-18 14:02:53,743+0530","service":"FyersAPI"}
{"level":"ERROR","location":"[get_call:170] fyersModel","message":{"API":"/history","Error":{"code":429,"message":"request limit reached","s":"error"}},"timestamp":"2026-08-18 14:04:49,858+0530","service":"FyersAPI"}
{"level":"ERROR","location":"[get_call:170] fyersModel","message":{"API":"/history","Error":{"code":429,"message":"request limit reached","s":"error"}},"timestamp":"2026-08-18 14:04:49,927+0530","service":"FyersAPI"}
{"level":"ERROR","location":"[get_call:170] fyersModel","message":{"API":"/history","Error":{"code":429,"message":"request limit reached","s":"error"}},"timestamp":"2026-08-18 14:04:49,977+0530","service":"FyersAPI"}
{"level":"ERROR","location":"[get_call:170] fyersModel","message":{"API":"/history","Error":{"code":429,"message":"request limit reached","s":"error"}},"timestamp":"2026-08-18 14:04:50,025+0530","service":"FyersAPI"}
{"level":"ERROR","location":"[get_call:170] fyersModel","message":{"API":"/history","Error":{"code":429,"message":"request limit reached","s":"error"}},"timestamp":"2026-08-18 14:04:50,073+0530","service":"FyersAPI"}
{"level":"ERROR","location":"[get_call:170] fyersModel","message":{"API":"/history","Error":{"code":429,"message":"request limit reached","s":"error"}},"timestamp":"2026-08-18 14:04:50,127+0530","service":"FyersAPI"}
{"level":"ERROR","location":"[get_call:170] fyersModel","message":{"API":"/history","Error":{"code":429,"message":"request limit reached","s":"error"}},"timestamp":"2026-08-18 14:04:50,904+0530","service":"FyersAPI"}
{"level":"ERROR","location":"[get_call:170] fyersModel","message":{"API":"/history","Error":{"code":429,"message":"request limit reached","s":"error"}},"timestamp":"2026-08-18 14:04:50,956+0530","service":"FyersAPI"}
{"level":"ERROR","location":"[get_call:170] fyersModel","message":{"API":"/history","Error":{"code":429,"message":"request limit reached","s":"error"}},"timestamp":"2026-08-18 14:04:51,009+0530","service":"FyersAPI"}
{"level":"ERROR","location":"[get_call:170] fyersModel","message":{"API":"/history","Error":{"code":429,"message":"request limit reached","s":"error"}},"timestamp":"2026-08-18 14:04:51,057+0530","service":"FyersAPI"}
{"level":"ERROR","location":"[get_call:170] fyersModel","message":{"API":"/history","Error":{"code":429,"message":"request limit reached","s":"error"}},"timestamp":"2026-08-18 14:04:51,104+0530","service":"FyersAPI"}
{"level":"ERROR","location":"[get_call:170] fyersModel","message":{"API":"/history","Error":{"code":429,"message":"request limit reached","s":"error"}},"timestamp":"2026-08-18 14:04:51,160+0530","service":"FyersAPI"}
{"level":"ERROR","location":"[get_call:170] fyersModel","message":{"API":"/history","Error":{"code":429,"message":"request limit reached","s":"error"}},"timestamp":"2026-08-18 14:59:28,983+0530","service":"FyersAPI"}
{"level":"ERROR","location":"[get_call:170] fyersModel","message":{"API":"/history","Error":{"code":-50,"data":{"range_from":"range_from cannot be greater than current date"},"message":"Invalid input","s":"error"}},"timestamp":"2026-08-18 15:00:17,932+0530","service":"FyersAPI"}
